// Jest Snapshot v1, https://goo.gl/fbAQLP

exports[`Pruebas en SearchScreen debe mostrar el heroe y el input con el valor del queryString 1`] = `
<div>
  <h1>
    Search Screen
  </h1>
  <hr />
  <div
    className="row"
  >
    <div
      className="col-5"
    >
      <h4>
        Search Form
      </h4>
      <hr />
      <form>
        <input
          autoComplete="off"
          className="form-control"
          name="search"
          onChange={[Function]}
          placeholder="Find your hero"
          type="search"
          value="batman"
        />
        <div
          className="m-1 d-grid gap-2"
        >
          <button
            className="btn btn-outline-primary"
            onClick={[Function]}
            type="submit"
          >
            Search...
          </button>
        </div>
      </form>
    </div>
    <div
      className="col-7"
    >
      <h4>
        Results
      </h4>
      <hr />
      <div
        className="card ms-3 mb-3"
        style={
          Object {
            "maxWidth": 540,
          }
        }
      >
        <div
          className="row g-0"
        >
          <div
            className="col-md-4"
          >
            <img
              alt="Batman"
              className="card-img"
              src="./assets/heroes/dc-batman.jpg"
            />
          </div>
          <div
            className="col-md-8"
          >
            <div
              className="card-body"
            >
              <h5
                className="card-tittle"
              >
                Batman
              </h5>
              <p
                className="card-text"
              >
                Bruce Wayne
              </p>
              <p
                className="card-text"
              >
                <small
                  className="text-muted"
                >
                  Detective Comics #27
                </small>
              </p>
              <a
                href="/hero/dc-batman"
                onClick={[Function]}
              >
                MÃ¡s...
              </a>
            </div>
          </div>
        </div>
      </div>
    </div>
  </div>
</div>
`;

exports[`Pruebas en SearchScreen debe mostrar un error si no se encuentra el hero 1`] = `
<div>
  <h1>
    Search Screen
  </h1>
  <hr />
  <div
    className="row"
  >
    <div
      className="col-5"
    >
      <h4>
        Search Form
      </h4>
      <hr />
      <form>
        <input
          autoComplete="off"
          className="form-control"
          name="search"
          onChange={[Function]}
          placeholder="Find your hero"
          type="search"
          value="batman1234"
        />
        <div
          className="m-1 d-grid gap-2"
        >
          <button
            className="btn btn-outline-primary"
            onClick={[Function]}
            type="submit"
          >
            Search...
          </button>
        </div>
      </form>
    </div>
    <div
      className="col-7"
    >
      <h4>
        Results
      </h4>
      <hr />
      <div
        className="alert alert-warning"
      >
        There is no hero
      </div>
    </div>
  </div>
</div>
`;

exports[`Pruebas en SearchScreen debe mostrarse correctamente con valores por defecto 1`] = `
<div>
  <h1>
    Search Screen
  </h1>
  <hr />
  <div
    className="row"
  >
    <div
      className="col-5"
    >
      <h4>
        Search Form
      </h4>
      <hr />
      <form>
        <input
          autoComplete="off"
          className="form-control"
          name="search"
          onChange={[Function]}
          placeholder="Find your hero"
          type="search"
          value=""
        />
        <div
          className="m-1 d-grid gap-2"
        >
          <button
            className="btn btn-outline-primary"
            onClick={[Function]}
            type="submit"
          >
            Search...
          </button>
        </div>
      </form>
    </div>
    <div
      className="col-7"
    >
      <h4>
        Results
      </h4>
      <hr />
      <div
        className="alert alert-info"
      >
        Search a hero
      </div>
    </div>
  </div>
</div>
`;
